2026-09-09T00:25:53.544+01 INFO  x.t.p.a.l.w.PhoenixWebhookHandler - Processing phoenixd webhook: externalId=e32c04c5-10ee-4ee9-aab0-d6bfccc3812d, type=payment_received
2026-09-09T00:25:53.650+01 INFO  x.t.p.a.l.w.PhoenixWebhookHandler - Processing phoenixd webhook: externalId=e32c04c5-10ee-4ee9-aab0-d6bfccc3812d, type=payment_received
2026-09-09T00:25:53.651+01 INFO  x.t.p.a.l.w.PhoenixWebhookHandler - Incoming payment confirmed: quoteId=e32c04c5-10ee-4ee9-aab0-d6bfccc3812d amount=30 state=PAID
2026-09-09T00:25:53.652+01 WARN  x.t.p.a.l.w.PhoenixWebhookHandler - Failed to forward payment to mint: quoteId=e32c04c5-10ee-4ee9-aab0-d6bfccc3812d, error=mint down
2026-09-09T00:25:53.662+01 INFO  x.t.p.a.l.w.PhoenixWebhookHandler - Processing phoenixd webhook: externalId=e32c04c5-10ee-4ee9-aab0-d6bfccc3812d, type=payment_received
2026-09-09T00:25:53.663+01 INFO  x.t.p.a.l.w.PhoenixWebhookHandler - Incoming payment confirmed: quoteId=e32c04c5-10ee-4ee9-aab0-d6bfccc3812d amount=30 state=PAID
2026-09-09T00:25:53.906+01 DEBUG x.t.p.a.c.client.GatewayClientConfig - Resolved gateway client base URL: http://localhost:8080 (port=8080)
2026-09-09T00:25:53.907+01 DEBUG x.t.p.a.c.client.AbstractBaseClient - Resolved gateway API base URL: http://localhost:8080
2026-09-09T00:25:53.909+01 DEBUG x.t.p.a.c.client.GatewayClientConfig - Resolved gateway client base URL: http://localhost:8080 (port=8080)
2026-09-09T00:25:53.909+01 DEBUG x.t.p.a.c.client.AbstractBaseClient - Resolved gateway API base URL: http://localhost:8080
2026-09-09T00:25:53.913+01 DEBUG x.t.p.a.c.client.GatewayClientConfig - Resolved gateway client base URL: http://localhost:8080 (port=8080)
2026-09-09T00:25:53.913+01 DEBUG x.t.p.a.c.client.AbstractBaseClient - Resolved gateway API base URL: http://localhost:8080
2026-09-09T00:25:53.916+01 DEBUG x.t.p.a.c.client.GatewayClientConfig - Resolved gateway client base URL: http://localhost:8080 (port=8080)
2026-09-09T00:25:53.916+01 DEBUG x.t.p.a.c.client.AbstractBaseClient - Resolved gateway API base URL: http://localhost:8080
2026-09-09T00:25:53.916+01 INFO  x.t.p.a.webhook.core.WebhookRegistry - Registered webhook handler: type=phoenixd, class=xyz.tcheeric.payment.adapter.ln.webhook.PhoenixWebhookHandler
2026-09-09T00:25:53.916+01 INFO  x.t.p.a.webhook.core.WebhookRegistry - Loaded 1 webhook handlers via ServiceLoader
2026-09-09T00:25:53.917+01 WARN  x.t.p.a.webhook.core.WebhookRegistry - Replaced existing handler for payment type: phoenixd
2026-09-09T00:25:53.917+01 INFO  x.t.p.a.l.w.PhoenixWebhookHandlerConfiguration - phoenixd_webhook_handler registered_with_mint_forwarder enabled=true
2026-09-09T00:25:53.924+01 DEBUG x.t.p.a.c.client.GatewayClientConfig - Resolved gateway client base URL: http://localhost:8080 (port=8080)
2026-09-09T00:25:53.925+01 DEBUG x.t.p.a.c.client.AbstractBaseClient - Resolved gateway API base URL: http://localhost:8080
2026-09-09T00:25:53.926+01 DEBUG x.t.p.a.c.client.GatewayClientConfig - Resolved gateway client base URL: http://localhost:8080 (port=8080)
2026-09-09T00:25:53.926+01 DEBUG x.t.p.a.c.client.AbstractBaseClient - Resolved gateway API base URL: http://localhost:8080
2026-09-09T00:25:53.933+01 DEBUG x.t.p.a.c.client.GatewayClientConfig - Resolved gateway client base URL: http://localhost:8080 (port=8080)
2026-09-09T00:25:53.933+01 DEBUG x.t.p.a.c.client.AbstractBaseClient - Resolved gateway API base URL: http://localhost:8080
2026-09-09T00:25:53.935+01 DEBUG x.t.p.a.c.client.GatewayClientConfig - Resolved gateway client base URL: http://localhost:8080 (port=8080)
2026-09-09T00:25:53.935+01 DEBUG x.t.p.a.c.client.AbstractBaseClient - Resolved gateway API base URL: http://localhost:8080
2026-09-09T00:25:53.935+01 WARN  x.t.p.a.webhook.core.WebhookRegistry - Replaced existing handler for payment type: phoenixd
2026-09-09T00:25:53.935+01 INFO  x.t.p.a.l.w.PhoenixWebhookHandlerConfiguration - phoenixd_webhook_handler registered_with_mint_forwarder enabled=false
2026-09-09T00:25:53.937+01 DEBUG x.t.p.a.c.client.GatewayClientConfig - Resolved gateway client base URL: http://localhost:8080 (port=8080)
2026-09-09T00:25:53.937+01 DEBUG x.t.p.a.c.client.AbstractBaseClient - Resolved gateway API base URL: http://localhost:8080
2026-09-09T00:25:53.938+01 DEBUG x.t.p.a.c.client.GatewayClientConfig - Resolved gateway client base URL: http://localhost:8080 (port=8080)
2026-09-09T00:25:53.938+01 DEBUG x.t.p.a.c.client.AbstractBaseClient - Resolved gateway API base URL: http://localhost:8080
2026-09-09T00:25:53.938+01 WARN  x.t.p.a.webhook.core.WebhookRegistry - Replaced existing handler for payment type: phoenixd
2026-09-09T00:25:53.939+01 INFO  x.t.p.a.l.w.PhoenixWebhookHandlerConfiguration - phoenixd_webhook_handler registered_with_mint_forwarder enabled=false
2026-09-09T00:26:48.353+01 INFO  x.t.p.a.l.w.PhoenixWebhookHandler - Processing phoenixd webhook: externalId=e32c04c5-10ee-4ee9-aab0-d6bfccc3812d, type=payment_received
2026-09-09T00:26:48.423+01 INFO  x.t.p.a.l.w.PhoenixWebhookHandler - Processing phoenixd webhook: externalId=e32c04c5-10ee-4ee9-aab0-d6bfccc3812d, type=payment_received
2026-09-09T00:26:48.424+01 INFO  x.t.p.a.l.w.PhoenixWebhookHandler - Incoming payment confirmed: quoteId=e32c04c5-10ee-4ee9-aab0-d6bfccc3812d amount=30 state=PAID
2026-09-09T00:26:48.427+01 WARN  x.t.p.a.l.w.PhoenixWebhookHandler - Failed to forward payment to mint: quoteId=e32c04c5-10ee-4ee9-aab0-d6bfccc3812d, error=mint down
2026-09-09T00:26:48.439+01 INFO  x.t.p.a.l.w.PhoenixWebhookHandler - Processing phoenixd webhook: externalId=e32c04c5-10ee-4ee9-aab0-d6bfccc3812d, type=payment_received
2026-09-09T00:26:48.440+01 INFO  x.t.p.a.l.w.PhoenixWebhookHandler - Incoming payment confirmed: quoteId=e32c04c5-10ee-4ee9-aab0-d6bfccc3812d amount=30 state=PAID
2026-09-09T00:26:48.720+01 DEBUG x.t.p.a.c.client.GatewayClientConfig - Resolved gateway client base URL: http://localhost:8080 (port=8080)
2026-09-09T00:26:48.721+01 DEBUG x.t.p.a.c.client.AbstractBaseClient - Resolved gateway API base URL: http://localhost:8080
2026-09-09T00:26:48.725+01 DEBUG x.t.p.a.c.client.GatewayClientConfig - Resolved gateway client base URL: http://localhost:8080 (port=8080)
2026-09-09T00:26:48.725+01 DEBUG x.t.p.a.c.client.AbstractBaseClient - Resolved gateway API base URL: http://localhost:8080
2026-09-09T00:26:48.730+01 DEBUG x.t.p.a.c.client.GatewayClientConfig - Resolved gateway client base URL: http://localhost:8080 (port=8080)
2026-09-09T00:26:48.730+01 DEBUG x.t.p.a.c.client.AbstractBaseClient - Resolved gateway API base URL: http://localhost:8080
2026-09-09T00:26:48.732+01 DEBUG x.t.p.a.c.client.GatewayClientConfig - Resolved gateway client base URL: http://localhost:8080 (port=8080)
2026-09-09T00:26:48.732+01 DEBUG x.t.p.a.c.client.AbstractBaseClient - Resolved gateway API base URL: http://localhost:8080
2026-09-09T00:26:48.732+01 INFO  x.t.p.a.webhook.core.WebhookRegistry - Registered webhook handler: type=phoenixd, class=xyz.tcheeric.payment.adapter.ln.webhook.PhoenixWebhookHandler
2026-09-09T00:26:48.733+01 INFO  x.t.p.a.webhook.core.WebhookRegistry - Loaded 1 webhook handlers via ServiceLoader
2026-09-09T00:26:48.733+01 WARN  x.t.p.a.webhook.core.WebhookRegistry - Replaced existing handler for payment type: phoenixd
2026-09-09T00:26:48.733+01 INFO  x.t.p.a.l.w.PhoenixWebhookHandlerConfiguration - phoenixd_webhook_handler registered_with_mint_forwarder enabled=true
2026-09-09T00:26:48.742+01 DEBUG x.t.p.a.c.client.GatewayClientConfig - Resolved gateway client base URL: http://localhost:8080 (port=8080)
2026-09-09T00:26:48.742+01 DEBUG x.t.p.a.c.client.AbstractBaseClient - Resolved gateway API base URL: http://localhost:8080
2026-09-09T00:26:48.744+01 DEBUG x.t.p.a.c.client.GatewayClientConfig - Resolved gateway client base URL: http://localhost:8080 (port=8080)
2026-09-09T00:26:48.745+01 DEBUG x.t.p.a.c.client.AbstractBaseClient - Resolved gateway API base URL: http://localhost:8080
2026-09-09T00:26:48.752+01 DEBUG x.t.p.a.c.client.GatewayClientConfig - Resolved gateway client base URL: http://localhost:8080 (port=8080)
2026-09-09T00:26:48.752+01 DEBUG x.t.p.a.c.client.AbstractBaseClient - Resolved gateway API base URL: http://localhost:8080
2026-09-09T00:26:48.754+01 DEBUG x.t.p.a.c.client.GatewayClientConfig - Resolved gateway client base URL: http://localhost:8080 (port=8080)
2026-09-09T00:26:48.755+01 DEBUG x.t.p.a.c.client.AbstractBaseClient - Resolved gateway API base URL: http://localhost:8080
2026-09-09T00:26:48.755+01 WARN  x.t.p.a.webhook.core.WebhookRegistry - Replaced existing handler for payment type: phoenixd
2026-09-09T00:26:48.755+01 INFO  x.t.p.a.l.w.PhoenixWebhookHandlerConfiguration - phoenixd_webhook_handler registered_with_mint_forwarder enabled=false
2026-09-09T00:26:48.758+01 DEBUG x.t.p.a.c.client.GatewayClientConfig - Resolved gateway client base URL: http://localhost:8080 (port=8080)
2026-09-09T00:26:48.758+01 DEBUG x.t.p.a.c.client.AbstractBaseClient - Resolved gateway API base URL: http://localhost:8080
2026-09-09T00:26:48.760+01 DEBUG x.t.p.a.c.client.GatewayClientConfig - Resolved gateway client base URL: http://localhost:8080 (port=8080)
2026-09-09T00:26:48.760+01 DEBUG x.t.p.a.c.client.AbstractBaseClient - Resolved gateway API base URL: http://localhost:8080
2026-09-09T00:26:48.760+01 WARN  x.t.p.a.webhook.core.WebhookRegistry - Replaced existing handler for payment type: phoenixd
2026-09-09T00:26:48.761+01 INFO  x.t.p.a.l.w.PhoenixWebhookHandlerConfiguration - phoenixd_webhook_handler registered_with_mint_forwarder enabled=false
2026-09-09T00:27:36.067+01 INFO  x.t.p.a.l.w.PhoenixWebhookHandler - Processing phoenixd webhook: externalId=e32c04c5-10ee-4ee9-aab0-d6bfccc3812d, type=payment_received
2026-09-09T00:27:36.150+01 INFO  x.t.p.a.l.w.PhoenixWebhookHandler - Processing phoenixd webhook: externalId=e32c04c5-10ee-4ee9-aab0-d6bfccc3812d, type=payment_received
2026-09-09T00:27:36.151+01 INFO  x.t.p.a.l.w.PhoenixWebhookHandler - Incoming payment confirmed: quoteId=e32c04c5-10ee-4ee9-aab0-d6bfccc3812d amount=30 state=PAID
2026-09-09T00:27:36.154+01 WARN  x.t.p.a.l.w.PhoenixWebhookHandler - Failed to forward payment to mint: quoteId=e32c04c5-10ee-4ee9-aab0-d6bfccc3812d, error=mint down
2026-09-09T00:27:36.166+01 INFO  x.t.p.a.l.w.PhoenixWebhookHandler - Processing phoenixd webhook: externalId=e32c04c5-10ee-4ee9-aab0-d6bfccc3812d, type=payment_received
2026-09-09T00:27:36.167+01 INFO  x.t.p.a.l.w.PhoenixWebhookHandler - Incoming payment confirmed: quoteId=e32c04c5-10ee-4ee9-aab0-d6bfccc3812d amount=30 state=PAID
2026-09-09T00:27:36.459+01 DEBUG x.t.p.a.c.client.GatewayClientConfig - Resolved gateway client base URL: http://localhost:8080 (port=8080)
2026-09-09T00:27:36.460+01 DEBUG x.t.p.a.c.client.AbstractBaseClient - Resolved gateway API base URL: http://localhost:8080
2026-09-09T00:27:36.462+01 DEBUG x.t.p.a.c.client.GatewayClientConfig - Resolved gateway client base URL: http://localhost:8080 (port=8080)
2026-09-09T00:27:36.463+01 DEBUG x.t.p.a.c.client.AbstractBaseClient - Resolved gateway API base URL: http://localhost:8080
2026-09-09T00:27:36.466+01 DEBUG x.t.p.a.c.client.GatewayClientConfig - Resolved gateway client base URL: http://localhost:8080 (port=8080)
2026-09-09T00:27:36.467+01 DEBUG x.t.p.a.c.client.AbstractBaseClient - Resolved gateway API base URL: http://localhost:8080
2026-09-09T00:27:36.469+01 DEBUG x.t.p.a.c.client.GatewayClientConfig - Resolved gateway client base URL: http://localhost:8080 (port=8080)
2026-09-09T00:27:36.469+01 DEBUG x.t.p.a.c.client.AbstractBaseClient - Resolved gateway API base URL: http://localhost:8080
2026-09-09T00:27:36.469+01 INFO  x.t.p.a.webhook.core.WebhookRegistry - Registered webhook handler: type=phoenixd, class=xyz.tcheeric.payment.adapter.ln.webhook.PhoenixWebhookHandler
2026-09-09T00:27:36.469+01 INFO  x.t.p.a.webhook.core.WebhookRegistry - Loaded 1 webhook handlers via ServiceLoader
2026-09-09T00:27:36.470+01 WARN  x.t.p.a.webhook.core.WebhookRegistry - Replaced existing handler for payment type: phoenixd
2026-09-09T00:27:36.470+01 INFO  x.t.p.a.l.w.PhoenixWebhookHandlerConfiguration - phoenixd_webhook_handler registered_with_mint_forwarder enabled=true
2026-09-09T00:27:36.479+01 DEBUG x.t.p.a.c.client.GatewayClientConfig - Resolved gateway client base URL: http://localhost:8080 (port=8080)
2026-09-09T00:27:36.479+01 DEBUG x.t.p.a.c.client.AbstractBaseClient - Resolved gateway API base URL: http://localhost:8080
2026-09-09T00:27:36.482+01 DEBUG x.t.p.a.c.client.GatewayClientConfig - Resolved gateway client base URL: http://localhost:8080 (port=8080)
2026-09-09T00:27:36.482+01 DEBUG x.t.p.a.c.client.AbstractBaseClient - Resolved gateway API base URL: http://localhost:8080
2026-09-09T00:27:36.490+01 DEBUG x.t.p.a.c.client.GatewayClientConfig - Resolved gateway client base URL: http://localhost:8080 (port=8080)
2026-09-09T00:27:36.490+01 DEBUG x.t.p.a.c.client.AbstractBaseClient - Resolved gateway API base URL: http://localhost:8080
2026-09-09T00:27:36.492+01 DEBUG x.t.p.a.c.client.GatewayClientConfig - Resolved gateway client base URL: http://localhost:8080 (port=8080)
2026-09-09T00:27:36.493+01 DEBUG x.t.p.a.c.client.AbstractBaseClient - Resolved gateway API base URL: http://localhost:8080
2026-09-09T00:27:36.493+01 WARN  x.t.p.a.webhook.core.WebhookRegistry - Replaced existing handler for payment type: phoenixd
2026-09-09T00:27:36.493+01 INFO  x.t.p.a.l.w.PhoenixWebhookHandlerConfiguration - phoenixd_webhook_handler registered_with_mint_forwarder enabled=false
2026-09-09T00:27:36.495+01 DEBUG x.t.p.a.c.client.GatewayClientConfig - Resolved gateway client base URL: http://localhost:8080 (port=8080)
2026-09-09T00:27:36.495+01 DEBUG x.t.p.a.c.client.AbstractBaseClient - Resolved gateway API base URL: http://localhost:8080
2026-09-09T00:27:36.496+01 DEBUG x.t.p.a.c.client.GatewayClientConfig - Resolved gateway client base URL: http://localhost:8080 (port=8080)
2026-09-09T00:27:36.497+01 DEBUG x.t.p.a.c.client.AbstractBaseClient - Resolved gateway API base URL: http://localhost:8080
2026-09-09T00:27:36.497+01 WARN  x.t.p.a.webhook.core.WebhookRegistry - Replaced existing handler for payment type: phoenixd
2026-09-09T00:27:36.497+01 INFO  x.t.p.a.l.w.PhoenixWebhookHandlerConfiguration - phoenixd_webhook_handler registered_with_mint_forwarder enabled=false
2026-09-09T01:12:37.989+01 INFO  x.t.p.a.l.w.PhoenixWebhookHandler - Processing phoenixd webhook: externalId=e32c04c5-10ee-4ee9-aab0-d6bfccc3812d, type=payment_received
2026-09-09T01:12:38.056+01 INFO  x.t.p.a.l.w.PhoenixWebhookHandler - Processing phoenixd webhook: externalId=e32c04c5-10ee-4ee9-aab0-d6bfccc3812d, type=payment_received
2026-09-09T01:12:38.057+01 INFO  x.t.p.a.l.w.PhoenixWebhookHandler - Incoming payment confirmed: quoteId=e32c04c5-10ee-4ee9-aab0-d6bfccc3812d amount=30 state=PAID
2026-09-09T01:12:38.059+01 WARN  x.t.p.a.l.w.PhoenixWebhookHandler - Failed to forward payment to mint: quoteId=e32c04c5-10ee-4ee9-aab0-d6bfccc3812d, error=mint down
2026-09-09T01:12:38.067+01 INFO  x.t.p.a.l.w.PhoenixWebhookHandler - Processing phoenixd webhook: externalId=e32c04c5-10ee-4ee9-aab0-d6bfccc3812d, type=payment_received
2026-09-09T01:12:38.068+01 INFO  x.t.p.a.l.w.PhoenixWebhookHandler - Incoming payment confirmed: quoteId=e32c04c5-10ee-4ee9-aab0-d6bfccc3812d amount=30 state=PAID
2026-09-09T01:12:38.336+01 DEBUG x.t.p.a.c.client.GatewayClientConfig - Resolved gateway client base URL: http://localhost:8080 (port=8080)
2026-09-09T01:12:38.336+01 DEBUG x.t.p.a.c.client.AbstractBaseClient - Resolved gateway API base URL: http://localhost:8080
2026-09-09T01:12:38.340+01 DEBUG x.t.p.a.c.client.GatewayClientConfig - Resolved gateway client base URL: http://localhost:8080 (port=8080)
2026-09-09T01:12:38.340+01 DEBUG x.t.p.a.c.client.AbstractBaseClient - Resolved gateway API base URL: http://localhost:8080
2026-09-09T01:12:38.345+01 DEBUG x.t.p.a.c.client.GatewayClientConfig - Resolved gateway client base URL: http://localhost:8080 (port=8080)
2026-09-09T01:12:38.346+01 DEBUG x.t.p.a.c.client.AbstractBaseClient - Resolved gateway API base URL: http://localhost:8080
2026-09-09T01:12:38.348+01 DEBUG x.t.p.a.c.client.GatewayClientConfig - Resolved gateway client base URL: http://localhost:8080 (port=8080)
2026-09-09T01:12:38.348+01 DEBUG x.t.p.a.c.client.AbstractBaseClient - Resolved gateway API base URL: http://localhost:8080
2026-09-09T01:12:38.349+01 INFO  x.t.p.a.webhook.core.WebhookRegistry - Registered webhook handler: type=phoenixd, class=xyz.tcheeric.payment.adapter.ln.webhook.PhoenixWebhookHandler
2026-09-09T01:12:38.349+01 INFO  x.t.p.a.webhook.core.WebhookRegistry - Loaded 1 webhook handlers via ServiceLoader
2026-09-09T01:12:38.349+01 WARN  x.t.p.a.webhook.core.WebhookRegistry - Replaced existing handler for payment type: phoenixd
2026-09-09T01:12:38.350+01 INFO  x.t.p.a.l.w.PhoenixWebhookHandlerConfiguration - phoenixd_webhook_handler registered_with_mint_forwarder enabled=true
2026-09-09T01:12:38.357+01 DEBUG x.t.p.a.c.client.GatewayClientConfig - Resolved gateway client base URL: http://localhost:8080 (port=8080)
2026-09-09T01:12:38.358+01 DEBUG x.t.p.a.c.client.AbstractBaseClient - Resolved gateway API base URL: http://localhost:8080
2026-09-09T01:12:38.360+01 DEBUG x.t.p.a.c.client.GatewayClientConfig - Resolved gateway client base URL: http://localhost:8080 (port=8080)
2026-09-09T01:12:38.360+01 DEBUG x.t.p.a.c.client.AbstractBaseClient - Resolved gateway API base URL: http://localhost:8080
2026-09-09T01:12:38.367+01 DEBUG x.t.p.a.c.client.GatewayClientConfig - Resolved gateway client base URL: http://localhost:8080 (port=8080)
2026-09-09T01:12:38.367+01 DEBUG x.t.p.a.c.client.AbstractBaseClient - Resolved gateway API base URL: http://localhost:8080
2026-09-09T01:12:38.370+01 DEBUG x.t.p.a.c.client.GatewayClientConfig - Resolved gateway client base URL: http://localhost:8080 (port=8080)
2026-09-09T01:12:38.370+01 DEBUG x.t.p.a.c.client.AbstractBaseClient - Resolved gateway API base URL: http://localhost:8080
2026-09-09T01:12:38.370+01 WARN  x.t.p.a.webhook.core.WebhookRegistry - Replaced existing handler for payment type: phoenixd
2026-09-09T01:12:38.371+01 INFO  x.t.p.a.l.w.PhoenixWebhookHandlerConfiguration - phoenixd_webhook_handler registered_with_mint_forwarder enabled=false
2026-09-09T01:12:38.373+01 DEBUG x.t.p.a.c.client.GatewayClientConfig - Resolved gateway client base URL: http://localhost:8080 (port=8080)
2026-09-09T01:12:38.373+01 DEBUG x.t.p.a.c.client.AbstractBaseClient - Resolved gateway API base URL: http://localhost:8080
2026-09-09T01:12:38.375+01 DEBUG x.t.p.a.c.client.GatewayClientConfig - Resolved gateway client base URL: http://localhost:8080 (port=8080)
2026-09-09T01:12:38.375+01 DEBUG x.t.p.a.c.client.AbstractBaseClient - Resolved gateway API base URL: http://localhost:8080
2026-09-09T01:12:38.375+01 WARN  x.t.p.a.webhook.core.WebhookRegistry - Replaced existing handler for payment type: phoenixd
2026-09-09T01:12:38.375+01 INFO  x.t.p.a.l.w.PhoenixWebhookHandlerConfiguration - phoenixd_webhook_handler registered_with_mint_forwarder enabled=false
2026-09-09T02:06:28.017+01 INFO  x.t.p.a.l.w.PhoenixWebhookHandler - Processing phoenixd webhook: externalId=e32c04c5-10ee-4ee9-aab0-d6bfccc3812d, type=payment_received
2026-09-09T02:06:28.089+01 INFO  x.t.p.a.l.w.PhoenixWebhookHandler - Processing phoenixd webhook: externalId=e32c04c5-10ee-4ee9-aab0-d6bfccc3812d, type=payment_received
2026-09-09T02:06:28.091+01 INFO  x.t.p.a.l.w.PhoenixWebhookHandler - Incoming payment confirmed: quoteId=e32c04c5-10ee-4ee9-aab0-d6bfccc3812d amount=30 state=PAID
2026-09-09T02:06:28.093+01 WARN  x.t.p.a.l.w.PhoenixWebhookHandler - Failed to forward payment to mint: quoteId=e32c04c5-10ee-4ee9-aab0-d6bfccc3812d, error=mint down
2026-09-09T02:06:28.103+01 INFO  x.t.p.a.l.w.PhoenixWebhookHandler - Processing phoenixd webhook: externalId=e32c04c5-10ee-4ee9-aab0-d6bfccc3812d, type=payment_received
2026-09-09T02:06:28.104+01 INFO  x.t.p.a.l.w.PhoenixWebhookHandler - Incoming payment confirmed: quoteId=e32c04c5-10ee-4ee9-aab0-d6bfccc3812d amount=30 state=PAID
2026-09-09T02:06:28.379+01 DEBUG x.t.p.a.c.client.GatewayClientConfig - Resolved gateway client base URL: http://localhost:8080 (port=8080)
2026-09-09T02:06:28.380+01 DEBUG x.t.p.a.c.client.AbstractBaseClient - Resolved gateway API base URL: http://localhost:8080
2026-09-09T02:06:28.382+01 DEBUG x.t.p.a.c.client.GatewayClientConfig - Resolved gateway client base URL: http://localhost:8080 (port=8080)
2026-09-09T02:06:28.382+01 DEBUG x.t.p.a.c.client.AbstractBaseClient - Resolved gateway API base URL: http://localhost:8080
2026-09-09T02:06:28.385+01 DEBUG x.t.p.a.c.client.GatewayClientConfig - Resolved gateway client base URL: http://localhost:8080 (port=8080)
2026-09-09T02:06:28.385+01 DEBUG x.t.p.a.c.client.AbstractBaseClient - Resolved gateway API base URL: http://localhost:8080
2026-09-09T02:06:28.387+01 DEBUG x.t.p.a.c.client.GatewayClientConfig - Resolved gateway client base URL: http://localhost:8080 (port=8080)
2026-09-09T02:06:28.387+01 DEBUG x.t.p.a.c.client.AbstractBaseClient - Resolved gateway API base URL: http://localhost:8080
2026-09-09T02:06:28.387+01 INFO  x.t.p.a.webhook.core.WebhookRegistry - Registered webhook handler: type=phoenixd, class=xyz.tcheeric.payment.adapter.ln.webhook.PhoenixWebhookHandler
2026-09-09T02:06:28.387+01 INFO  x.t.p.a.webhook.core.WebhookRegistry - Loaded 1 webhook handlers via ServiceLoader
2026-09-09T02:06:28.387+01 WARN  x.t.p.a.webhook.core.WebhookRegistry - Replaced existing handler for payment type: phoenixd
2026-09-09T02:06:28.388+01 INFO  x.t.p.a.l.w.PhoenixWebhookHandlerConfiguration - phoenixd_webhook_handler registered_with_mint_forwarder enabled=true
2026-09-09T02:06:28.395+01 DEBUG x.t.p.a.c.client.GatewayClientConfig - Resolved gateway client base URL: http://localhost:8080 (port=8080)
2026-09-09T02:06:28.395+01 DEBUG x.t.p.a.c.client.AbstractBaseClient - Resolved gateway API base URL: http://localhost:8080
2026-09-09T02:06:28.398+01 DEBUG x.t.p.a.c.client.GatewayClientConfig - Resolved gateway client base URL: http://localhost:8080 (port=8080)
2026-09-09T02:06:28.399+01 DEBUG x.t.p.a.c.client.AbstractBaseClient - Resolved gateway API base URL: http://localhost:8080
2026-09-09T02:06:28.405+01 DEBUG x.t.p.a.c.client.GatewayClientConfig - Resolved gateway client base URL: http://localhost:8080 (port=8080)
2026-09-09T02:06:28.405+01 DEBUG x.t.p.a.c.client.AbstractBaseClient - Resolved gateway API base URL: http://localhost:8080
2026-09-09T02:06:28.407+01 DEBUG x.t.p.a.c.client.GatewayClientConfig - Resolved gateway client base URL: http://localhost:8080 (port=8080)
2026-09-09T02:06:28.407+01 DEBUG x.t.p.a.c.client.AbstractBaseClient - Resolved gateway API base URL: http://localhost:8080
2026-09-09T02:06:28.407+01 WARN  x.t.p.a.webhook.core.WebhookRegistry - Replaced existing handler for payment type: phoenixd
2026-09-09T02:06:28.407+01 INFO  x.t.p.a.l.w.PhoenixWebhookHandlerConfiguration - phoenixd_webhook_handler registered_with_mint_forwarder enabled=false
2026-09-09T02:06:28.409+01 DEBUG x.t.p.a.c.client.GatewayClientConfig - Resolved gateway client base URL: http://localhost:8080 (port=8080)
2026-09-09T02:06:28.409+01 DEBUG x.t.p.a.c.client.AbstractBaseClient - Resolved gateway API base URL: http://localhost:8080
2026-09-09T02:06:28.411+01 DEBUG x.t.p.a.c.client.GatewayClientConfig - Resolved gateway client base URL: http://localhost:8080 (port=8080)
2026-09-09T02:06:28.411+01 DEBUG x.t.p.a.c.client.AbstractBaseClient - Resolved gateway API base URL: http://localhost:8080
2026-09-09T02:06:28.411+01 WARN  x.t.p.a.webhook.core.WebhookRegistry - Replaced existing handler for payment type: phoenixd
2026-09-09T02:06:28.411+01 INFO  x.t.p.a.l.w.PhoenixWebhookHandlerConfiguration - phoenixd_webhook_handler registered_with_mint_forwarder enabled=false
2026-09-09T10:21:31.899+01 INFO  x.t.p.a.l.w.PhoenixWebhookHandler - Processing phoenixd webhook: externalId=e32c04c5-10ee-4ee9-aab0-d6bfccc3812d, type=payment_received
2026-09-09T10:21:31.947+01 INFO  x.t.p.a.l.w.PhoenixWebhookHandler - Processing phoenixd webhook: externalId=e32c04c5-10ee-4ee9-aab0-d6bfccc3812d, type=payment_received
2026-09-09T10:21:31.948+01 INFO  x.t.p.a.l.w.PhoenixWebhookHandler - Incoming payment confirmed: quoteId=e32c04c5-10ee-4ee9-aab0-d6bfccc3812d amount=30 state=PAID
2026-09-09T10:21:31.950+01 WARN  x.t.p.a.l.w.PhoenixWebhookHandler - Failed to forward payment to mint: quoteId=e32c04c5-10ee-4ee9-aab0-d6bfccc3812d, error=mint down
2026-09-09T10:21:31.956+01 INFO  x.t.p.a.l.w.PhoenixWebhookHandler - Processing phoenixd webhook: externalId=e32c04c5-10ee-4ee9-aab0-d6bfccc3812d, type=payment_received
2026-09-09T10:21:31.957+01 INFO  x.t.p.a.l.w.PhoenixWebhookHandler - Incoming payment confirmed: quoteId=e32c04c5-10ee-4ee9-aab0-d6bfccc3812d amount=30 state=PAID
2026-09-09T10:21:32.158+01 DEBUG x.t.p.a.c.client.GatewayClientConfig - Resolved gateway client base URL: http://localhost:8080 (port=8080)
2026-09-09T10:21:32.159+01 DEBUG x.t.p.a.c.client.AbstractBaseClient - Resolved gateway API base URL: http://localhost:8080
2026-09-09T10:21:32.161+01 DEBUG x.t.p.a.c.client.GatewayClientConfig - Resolved gateway client base URL: http://localhost:8080 (port=8080)
2026-09-09T10:21:32.162+01 DEBUG x.t.p.a.c.client.AbstractBaseClient - Resolved gateway API base URL: http://localhost:8080
2026-09-09T10:21:32.164+01 DEBUG x.t.p.a.c.client.GatewayClientConfig - Resolved gateway client base URL: http://localhost:8080 (port=8080)
2026-09-09T10:21:32.164+01 DEBUG x.t.p.a.c.client.AbstractBaseClient - Resolved gateway API base URL: http://localhost:8080
2026-09-09T10:21:32.166+01 DEBUG x.t.p.a.c.client.GatewayClientConfig - Resolved gateway client base URL: http://localhost:8080 (port=8080)
2026-09-09T10:21:32.166+01 DEBUG x.t.p.a.c.client.AbstractBaseClient - Resolved gateway API base URL: http://localhost:8080
2026-09-09T10:21:32.166+01 INFO  x.t.p.a.webhook.core.WebhookRegistry - Registered webhook handler: type=phoenixd, class=xyz.tcheeric.payment.adapter.ln.webhook.PhoenixWebhookHandler
2026-09-09T10:21:32.166+01 INFO  x.t.p.a.webhook.core.WebhookRegistry - Loaded 1 webhook handlers via ServiceLoader
2026-09-09T10:21:32.166+01 WARN  x.t.p.a.webhook.core.WebhookRegistry - Replaced existing handler for payment type: phoenixd
2026-09-09T10:21:32.167+01 INFO  x.t.p.a.l.w.PhoenixWebhookHandlerConfiguration - phoenixd_webhook_handler registered_with_mint_forwarder enabled=true
2026-09-09T10:21:32.174+01 DEBUG x.t.p.a.c.client.GatewayClientConfig - Resolved gateway client base URL: http://localhost:8080 (port=8080)
2026-09-09T10:21:32.174+01 DEBUG x.t.p.a.c.client.AbstractBaseClient - Resolved gateway API base URL: http://localhost:8080
2026-09-09T10:21:32.176+01 DEBUG x.t.p.a.c.client.GatewayClientConfig - Resolved gateway client base URL: http://localhost:8080 (port=8080)
2026-09-09T10:21:32.176+01 DEBUG x.t.p.a.c.client.AbstractBaseClient - Resolved gateway API base URL: http://localhost:8080
2026-09-09T10:21:32.181+01 DEBUG x.t.p.a.c.client.GatewayClientConfig - Resolved gateway client base URL: http://localhost:8080 (port=8080)
2026-09-09T10:21:32.181+01 DEBUG x.t.p.a.c.client.AbstractBaseClient - Resolved gateway API base URL: http://localhost:8080
2026-09-09T10:21:32.182+01 DEBUG x.t.p.a.c.client.GatewayClientConfig - Resolved gateway client base URL: http://localhost:8080 (port=8080)
2026-09-09T10:21:32.183+01 DEBUG x.t.p.a.c.client.AbstractBaseClient - Resolved gateway API base URL: http://localhost:8080
2026-09-09T10:21:32.183+01 WARN  x.t.p.a.webhook.core.WebhookRegistry - Replaced existing handler for payment type: phoenixd
2026-09-09T10:21:32.183+01 INFO  x.t.p.a.l.w.PhoenixWebhookHandlerConfiguration - phoenixd_webhook_handler registered_with_mint_forwarder enabled=false
2026-09-09T10:21:32.184+01 DEBUG x.t.p.a.c.client.GatewayClientConfig - Resolved gateway client base URL: http://localhost:8080 (port=8080)
2026-09-09T10:21:32.184+01 DEBUG x.t.p.a.c.client.AbstractBaseClient - Resolved gateway API base URL: http://localhost:8080
2026-09-09T10:21:32.185+01 DEBUG x.t.p.a.c.client.GatewayClientConfig - Resolved gateway client base URL: http://localhost:8080 (port=8080)
2026-09-09T10:21:32.185+01 DEBUG x.t.p.a.c.client.AbstractBaseClient - Resolved gateway API base URL: http://localhost:8080
2026-09-09T10:21:32.185+01 WARN  x.t.p.a.webhook.core.WebhookRegistry - Replaced existing handler for payment type: phoenixd
2026-09-09T10:21:32.185+01 INFO  x.t.p.a.l.w.PhoenixWebhookHandlerConfiguration - phoenixd_webhook_handler registered_with_mint_forwarder enabled=false
2026-09-11T18:41:44.890+01 INFO  x.t.p.a.l.w.PhoenixWebhookHandler - Processing phoenixd webhook: externalId=e32c04c5-10ee-4ee9-aab0-d6bfccc3812d, type=payment_received
2026-09-11T18:41:44.944+01 INFO  x.t.p.a.l.w.PhoenixWebhookHandler - Processing phoenixd webhook: externalId=e32c04c5-10ee-4ee9-aab0-d6bfccc3812d, type=payment_received
2026-09-11T18:41:44.945+01 INFO  x.t.p.a.l.w.PhoenixWebhookHandler - Incoming payment confirmed: quoteId=e32c04c5-10ee-4ee9-aab0-d6bfccc3812d amount=30 state=PAID
2026-09-11T18:41:44.947+01 WARN  x.t.p.a.l.w.PhoenixWebhookHandler - Failed to forward payment to mint: quoteId=e32c04c5-10ee-4ee9-aab0-d6bfccc3812d, error=mint down
2026-09-11T18:41:44.957+01 INFO  x.t.p.a.l.w.PhoenixWebhookHandler - Processing phoenixd webhook: externalId=e32c04c5-10ee-4ee9-aab0-d6bfccc3812d, type=payment_received
2026-09-11T18:41:44.959+01 INFO  x.t.p.a.l.w.PhoenixWebhookHandler - Incoming payment confirmed: quoteId=e32c04c5-10ee-4ee9-aab0-d6bfccc3812d amount=30 state=PAID
2026-09-11T18:41:45.184+01 DEBUG x.t.p.a.c.client.GatewayClientConfig - Resolved gateway client base URL: http://localhost:8080 (port=8080)
2026-09-11T18:41:45.184+01 DEBUG x.t.p.a.c.client.AbstractBaseClient - Resolved gateway API base URL: http://localhost:8080
2026-09-11T18:41:45.186+01 DEBUG x.t.p.a.c.client.GatewayClientConfig - Resolved gateway client base URL: http://localhost:8080 (port=8080)
2026-09-11T18:41:45.186+01 DEBUG x.t.p.a.c.client.AbstractBaseClient - Resolved gateway API base URL: http://localhost:8080
2026-09-11T18:41:45.188+01 DEBUG x.t.p.a.c.client.GatewayClientConfig - Resolved gateway client base URL: http://localhost:8080 (port=8080)
2026-09-11T18:41:45.188+01 DEBUG x.t.p.a.c.client.AbstractBaseClient - Resolved gateway API base URL: http://localhost:8080
2026-09-11T18:41:45.190+01 DEBUG x.t.p.a.c.client.GatewayClientConfig - Resolved gateway client base URL: http://localhost:8080 (port=8080)
2026-09-11T18:41:45.190+01 DEBUG x.t.p.a.c.client.AbstractBaseClient - Resolved gateway API base URL: http://localhost:8080
2026-09-11T18:41:45.190+01 INFO  x.t.p.a.webhook.core.WebhookRegistry - Registered webhook handler: type=phoenixd, class=xyz.tcheeric.payment.adapter.ln.webhook.PhoenixWebhookHandler
2026-09-11T18:41:45.190+01 INFO  x.t.p.a.webhook.core.WebhookRegistry - Loaded 1 webhook handlers via ServiceLoader
2026-09-11T18:41:45.190+01 WARN  x.t.p.a.webhook.core.WebhookRegistry - Replaced existing handler for payment type: phoenixd
2026-09-11T18:41:45.190+01 INFO  x.t.p.a.l.w.PhoenixWebhookHandlerConfiguration - phoenixd_webhook_handler registered_with_mint_forwarder enabled=true
2026-09-11T18:41:45.196+01 DEBUG x.t.p.a.c.client.GatewayClientConfig - Resolved gateway client base URL: http://localhost:8080 (port=8080)
2026-09-11T18:41:45.197+01 DEBUG x.t.p.a.c.client.AbstractBaseClient - Resolved gateway API base URL: http://localhost:8080
2026-09-11T18:41:45.199+01 DEBUG x.t.p.a.c.client.GatewayClientConfig - Resolved gateway client base URL: http://localhost:8080 (port=8080)
2026-09-11T18:41:45.199+01 DEBUG x.t.p.a.c.client.AbstractBaseClient - Resolved gateway API base URL: http://localhost:8080
2026-09-11T18:41:45.205+01 DEBUG x.t.p.a.c.client.GatewayClientConfig - Resolved gateway client base URL: http://localhost:8080 (port=8080)
2026-09-11T18:41:45.206+01 DEBUG x.t.p.a.c.client.AbstractBaseClient - Resolved gateway API base URL: http://localhost:8080
2026-09-11T18:41:45.208+01 DEBUG x.t.p.a.c.client.GatewayClientConfig - Resolved gateway client base URL: http://localhost:8080 (port=8080)
2026-09-11T18:41:45.208+01 DEBUG x.t.p.a.c.client.AbstractBaseClient - Resolved gateway API base URL: http://localhost:8080
2026-09-11T18:41:45.208+01 WARN  x.t.p.a.webhook.core.WebhookRegistry - Replaced existing handler for payment type: phoenixd
2026-09-11T18:41:45.208+01 INFO  x.t.p.a.l.w.PhoenixWebhookHandlerConfiguration - phoenixd_webhook_handler registered_with_mint_forwarder enabled=false
2026-09-11T18:41:45.210+01 DEBUG x.t.p.a.c.client.GatewayClientConfig - Resolved gateway client base URL: http://localhost:8080 (port=8080)
2026-09-11T18:41:45.210+01 DEBUG x.t.p.a.c.client.AbstractBaseClient - Resolved gateway API base URL: http://localhost:8080
2026-09-11T18:41:45.212+01 DEBUG x.t.p.a.c.client.GatewayClientConfig - Resolved gateway client base URL: http://localhost:8080 (port=8080)
2026-09-11T18:41:45.212+01 DEBUG x.t.p.a.c.client.AbstractBaseClient - Resolved gateway API base URL: http://localhost:8080
2026-09-11T18:41:45.212+01 WARN  x.t.p.a.webhook.core.WebhookRegistry - Replaced existing handler for payment type: phoenixd
2026-09-11T18:41:45.212+01 INFO  x.t.p.a.l.w.PhoenixWebhookHandlerConfiguration - phoenixd_webhook_handler registered_with_mint_forwarder enabled=false
2026-09-12T17:54:01.715+01 INFO  x.t.p.a.l.w.PhoenixWebhookHandler - Processing phoenixd webhook: externalId=e32c04c5-10ee-4ee9-aab0-d6bfccc3812d, type=payment_received
2026-09-12T17:54:01.771+01 INFO  x.t.p.a.l.w.PhoenixWebhookHandler - Processing phoenixd webhook: externalId=e32c04c5-10ee-4ee9-aab0-d6bfccc3812d, type=payment_received
2026-09-12T17:54:01.772+01 INFO  x.t.p.a.l.w.PhoenixWebhookHandler - Incoming payment confirmed: quoteId=e32c04c5-10ee-4ee9-aab0-d6bfccc3812d amount=30 state=PAID
2026-09-12T17:54:01.773+01 WARN  x.t.p.a.l.w.PhoenixWebhookHandler - Failed to forward payment to mint: quoteId=e32c04c5-10ee-4ee9-aab0-d6bfccc3812d, error=mint down
2026-09-12T17:54:01.781+01 INFO  x.t.p.a.l.w.PhoenixWebhookHandler - Processing phoenixd webhook: externalId=e32c04c5-10ee-4ee9-aab0-d6bfccc3812d, type=payment_received
2026-09-12T17:54:01.782+01 INFO  x.t.p.a.l.w.PhoenixWebhookHandler - Incoming payment confirmed: quoteId=e32c04c5-10ee-4ee9-aab0-d6bfccc3812d amount=30 state=PAID
2026-09-12T17:54:02.011+01 DEBUG x.t.p.a.c.client.GatewayClientConfig - Resolved gateway client base URL: http://localhost:8080 (port=8080)
2026-09-12T17:54:02.012+01 DEBUG x.t.p.a.c.client.AbstractBaseClient - Resolved gateway API base URL: http://localhost:8080
2026-09-12T17:54:02.015+01 DEBUG x.t.p.a.c.client.GatewayClientConfig - Resolved gateway client base URL: http://localhost:8080 (port=8080)
2026-09-12T17:54:02.015+01 DEBUG x.t.p.a.c.client.AbstractBaseClient - Resolved gateway API base URL: http://localhost:8080
2026-09-12T17:54:02.018+01 DEBUG x.t.p.a.c.client.GatewayClientConfig - Resolved gateway client base URL: http://localhost:8080 (port=8080)
2026-09-12T17:54:02.018+01 DEBUG x.t.p.a.c.client.AbstractBaseClient - Resolved gateway API base URL: http://localhost:8080
2026-09-12T17:54:02.020+01 DEBUG x.t.p.a.c.client.GatewayClientConfig - Resolved gateway client base URL: http://localhost:8080 (port=8080)
2026-09-12T17:54:02.020+01 DEBUG x.t.p.a.c.client.AbstractBaseClient - Resolved gateway API base URL: http://localhost:8080
2026-09-12T17:54:02.020+01 INFO  x.t.p.a.webhook.core.WebhookRegistry - Registered webhook handler: type=phoenixd, class=xyz.tcheeric.payment.adapter.ln.webhook.PhoenixWebhookHandler
2026-09-12T17:54:02.020+01 INFO  x.t.p.a.webhook.core.WebhookRegistry - Loaded 1 webhook handlers via ServiceLoader
2026-09-12T17:54:02.020+01 WARN  x.t.p.a.webhook.core.WebhookRegistry - Replaced existing handler for payment type: phoenixd
2026-09-12T17:54:02.021+01 INFO  x.t.p.a.l.w.PhoenixWebhookHandlerConfiguration - phoenixd_webhook_handler registered_with_mint_forwarder enabled=true
2026-09-12T17:54:02.027+01 DEBUG x.t.p.a.c.client.GatewayClientConfig - Resolved gateway client base URL: http://localhost:8080 (port=8080)
2026-09-12T17:54:02.027+01 DEBUG x.t.p.a.c.client.AbstractBaseClient - Resolved gateway API base URL: http://localhost:8080
2026-09-12T17:54:02.030+01 DEBUG x.t.p.a.c.client.GatewayClientConfig - Resolved gateway client base URL: http://localhost:8080 (port=8080)
2026-09-12T17:54:02.030+01 DEBUG x.t.p.a.c.client.AbstractBaseClient - Resolved gateway API base URL: http://localhost:8080
2026-09-12T17:54:02.035+01 DEBUG x.t.p.a.c.client.GatewayClientConfig - Resolved gateway client base URL: http://localhost:8080 (port=8080)
2026-09-12T17:54:02.035+01 DEBUG x.t.p.a.c.client.AbstractBaseClient - Resolved gateway API base URL: http://localhost:8080
2026-09-12T17:54:02.037+01 DEBUG x.t.p.a.c.client.GatewayClientConfig - Resolved gateway client base URL: http://localhost:8080 (port=8080)
2026-09-12T17:54:02.037+01 DEBUG x.t.p.a.c.client.AbstractBaseClient - Resolved gateway API base URL: http://localhost:8080
2026-09-12T17:54:02.037+01 WARN  x.t.p.a.webhook.core.WebhookRegistry - Replaced existing handler for payment type: phoenixd
2026-09-12T17:54:02.037+01 INFO  x.t.p.a.l.w.PhoenixWebhookHandlerConfiguration - phoenixd_webhook_handler registered_with_mint_forwarder enabled=false
2026-09-12T17:54:02.038+01 DEBUG x.t.p.a.c.client.GatewayClientConfig - Resolved gateway client base URL: http://localhost:8080 (port=8080)
2026-09-12T17:54:02.039+01 DEBUG x.t.p.a.c.client.AbstractBaseClient - Resolved gateway API base URL: http://localhost:8080
2026-09-12T17:54:02.040+01 DEBUG x.t.p.a.c.client.GatewayClientConfig - Resolved gateway client base URL: http://localhost:8080 (port=8080)
2026-09-12T17:54:02.040+01 DEBUG x.t.p.a.c.client.AbstractBaseClient - Resolved gateway API base URL: http://localhost:8080
2026-09-12T17:54:02.040+01 WARN  x.t.p.a.webhook.core.WebhookRegistry - Replaced existing handler for payment type: phoenixd
2026-09-12T17:54:02.040+01 INFO  x.t.p.a.l.w.PhoenixWebhookHandlerConfiguration - phoenixd_webhook_handler registered_with_mint_forwarder enabled=false
